127.0.0.1 - - [07/Dec/2017:10:00:40 +0900] "GET / HTTP/1.1" 404 1074
0:0:0:0:0:0:0:1 - - [07/Dec/2017:10:01:06 +0900] "GET /score/list HTTP/1.1" 404 1088
0:0:0:0:0:0:0:1 - - [07/Dec/2017:10:01:06 +0900] "GET /favicon.ico HTTP/1.1" 404 1085
0:0:0:0:0:0:0:1 - - [07/Dec/2017:10:01:20 +0900] "GET /servlet02 HTTP/1.1" 404 1083
0:0:0:0:0:0:0:1 - - [07/Dec/2017:10:01:27 +0900] "GET /ohora HTTP/1.1" 404 1079
127.0.0.1 - - [07/Dec/2017:10:01:43 +0900] "GET / HTTP/1.1" 404 1074
0:0:0:0:0:0:0:1 - - [07/Dec/2017:10:01:47 +0900] "GET /ohora HTTP/1.1" 404 1079
0:0:0:0:0:0:0:1 - - [07/Dec/2017:10:02:13 +0900] "GET /ohora HTTP/1.1" 404 1079
0:0:0:0:0:0:0:1 - - [07/Dec/2017:10:02:39 +0900] "GET /java-web/step1/Servlet021 HTTP/1.1" 404 1107
0:0:0:0:0:0:0:1 - - [07/Dec/2017:10:02:42 +0900] "GET /java-web/step1/Servlet022 HTTP/1.1" 404 1107
0:0:0:0:0:0:0:1 - - [07/Dec/2017:10:02:45 +0900] "GET /java-web/step1/Servlet02 HTTP/1.1" 404 1106
0:0:0:0:0:0:0:1 - - [07/Dec/2017:10:02:52 +0900] "GET /java-web/step1/ohoa HTTP/1.1" 404 1101
0:0:0:0:0:0:0:1 - - [07/Dec/2017:10:02:55 +0900] "GET /java-web/step1/ohora HTTP/1.1" 404 1102
0:0:0:0:0:0:0:1 - - [07/Dec/2017:10:03:01 +0900] "GET /java-web/ohora HTTP/1.1" 200 -
0:0:0:0:0:0:0:1 - - [07/Dec/2017:10:03:19 +0900] "GET /java-web/ohora HTTP/1.1" 200 -
0:0:0:0:0:0:0:1 - - [07/Dec/2017:10:03:27 +0900] "GET /java-web/servlet02 HTTP/1.1" 200 -
0:0:0:0:0:0:0:1 - - [07/Dec/2017:10:04:40 +0900] "GET /java-web/step1/Servlet01 HTTP/1.1" 200 -
0:0:0:0:0:0:0:1 - - [07/Dec/2017:10:04:53 +0900] "GET /java-web/ohora HTTP/1.1" 200 -
0:0:0:0:0:0:0:1 - - [07/Dec/2017:10:05:07 +0900] "GET /java-web/step1/Servlet02/wlejfwleij HTTP/1.1" 404 1121
0:0:0:0:0:0:0:1 - - [07/Dec/2017:10:05:34 +0900] "GET /java-web/step1/Servlet02/wlejfwleij HTTP/1.1" 200 -
0:0:0:0:0:0:0:1 - - [07/Dec/2017:10:26:13 +0900] "GET /java-web/step1/Servlet01 HTTP/1.1" 200 -
127.0.0.1 - - [07/Dec/2017:10:54:36 +0900] "GET / HTTP/1.1" 404 1074
0:0:0:0:0:0:0:1 - - [07/Dec/2017:10:54:36 +0900] "GET /java-web/step1/Servlet03 HTTP/1.1" 200 -
0:0:0:0:0:0:0:1 - - [07/Dec/2017:11:06:37 +0900] "GET /java-web/step2/Servlet01 HTTP/1.1" 404 1106
127.0.0.1 - - [07/Dec/2017:11:06:37 +0900] "GET / HTTP/1.1" 404 1074
0:0:0:0:0:0:0:1 - - [07/Dec/2017:11:06:51 +0900] "GET /java-web/step1/Servlet01 HTTP/1.1" 404 1106
0:0:0:0:0:0:0:1 - - [07/Dec/2017:11:06:54 +0900] "GET /java-web/step1/Servlet01 HTTP/1.1" 404 1106
0:0:0:0:0:0:0:1 - - [07/Dec/2017:11:06:56 +0900] "GET /java-web/step2/Servlet01 HTTP/1.1" 404 1106
127.0.0.1 - - [07/Dec/2017:11:12:31 +0900] "GET / HTTP/1.1" 404 1074
0:0:0:0:0:0:0:1 - - [07/Dec/2017:11:12:40 +0900] "GET /java-web/step2/Servlet01 HTTP/1.1" 200 -
127.0.0.1 - - [07/Dec/2017:11:22:49 +0900] "GET / HTTP/1.1" 404 1074
0:0:0:0:0:0:0:1 - - [07/Dec/2017:11:22:50 +0900] "GET /java-web/step2/Servlet02 HTTP/1.1" 200 -
0:0:0:0:0:0:0:1 - - [07/Dec/2017:11:23:13 +0900] "GET /java-web/step2/Servlet02 HTTP/1.1" 200 -
0:0:0:0:0:0:0:1 - - [07/Dec/2017:12:02:07 +0900] "GET /java-web/step2/Servlet03 HTTP/1.1" 404 1106
127.0.0.1 - - [07/Dec/2017:12:02:49 +0900] "GET / HTTP/1.1" 404 1074
0:0:0:0:0:0:0:1 - - [07/Dec/2017:12:02:49 +0900] "GET /java-web/step2/Servlet03 HTTP/1.1" 200 -
127.0.0.1 - - [07/Dec/2017:12:14:31 +0900] "GET / HTTP/1.1" 404 1074
0:0:0:0:0:0:0:1 - - [07/Dec/2017:12:14:31 +0900] "GET /java-web/step2/Servlet03 HTTP/1.1" 200 -
0:0:0:0:0:0:0:1 - - [07/Dec/2017:12:14:34 +0900] "GET /java-web/step2/Servlet04 HTTP/1.1" 200 -
127.0.0.1 - - [07/Dec/2017:12:21:58 +0900] "GET / HTTP/1.1" 404 1074
0:0:0:0:0:0:0:1 - - [07/Dec/2017:12:21:58 +0900] "GET /java-web/step2/Servlet04 HTTP/1.1" 200 -
0:0:0:0:0:0:0:1 - - [07/Dec/2017:12:22:15 +0900] "GET /java-web/step2/Servlet05 HTTP/1.1" 200 -
192.168.0.148 - - [07/Dec/2017:12:24:15 +0900] "GET /java-web/step2/Servlet05 HTTP/1.1" 200 -
192.168.0.148 - - [07/Dec/2017:12:24:15 +0900] "GET /favicon.ico HTTP/1.1" 404 1085
127.0.0.1 - - [07/Dec/2017:12:43:56 +0900] "GET / HTTP/1.1" 404 1074
0:0:0:0:0:0:0:1 - - [07/Dec/2017:12:44:28 +0900] "GET /java-web/step3/Servlet01 HTTP/1.1" 200 -
0:0:0:0:0:0:0:1 - - [07/Dec/2017:12:45:34 +0900] "GET /java-web/step2/Servlet05 HTTP/1.1" 200 -
0:0:0:0:0:0:0:1 - - [07/Dec/2017:12:45:43 +0900] "GET /java-web/step2/Servlet01 HTTP/1.1" 200 -
0:0:0:0:0:0:0:1 - - [07/Dec/2017:12:45:51 +0900] "GET /java-web/step3/Servlet01 HTTP/1.1" 200 -
127.0.0.1 - - [07/Dec/2017:14:23:11 +0900] "GET / HTTP/1.1" 404 1074
0:0:0:0:0:0:0:1 - - [07/Dec/2017:14:23:15 +0900] "GET /java-web/step3/Servlet01 HTTP/1.1" 200 -
0:0:0:0:0:0:0:1 - - [07/Dec/2017:14:24:16 +0900] "GET /java-web/step3/Servlet01 HTTP/1.1" 200 -
0:0:0:0:0:0:0:1 - - [07/Dec/2017:14:25:47 +0900] "GET /java-web/step3/Servlet01 HTTP/1.1" 200 -
127.0.0.1 - - [07/Dec/2017:14:26:11 +0900] "GET / HTTP/1.1" 404 1074
127.0.0.1 - - [07/Dec/2017:14:27:43 +0900] "GET / HTTP/1.1" 404 1074
0:0:0:0:0:0:0:1 - - [07/Dec/2017:14:27:51 +0900] "GET /java-web/step3/Servlet01 HTTP/1.1" 200 -
0:0:0:0:0:0:0:1 - - [07/Dec/2017:14:27:51 +0900] "GET /java-web/step3/Servlet01 HTTP/1.1" 200 -
0:0:0:0:0:0:0:1 - - [07/Dec/2017:14:27:55 +0900] "GET /java-web/step3/Servlet01 HTTP/1.1" 200 -
127.0.0.1 - - [07/Dec/2017:14:37:00 +0900] "GET / HTTP/1.1" 404 1074
0:0:0:0:0:0:0:1 - - [07/Dec/2017:14:39:28 +0900] "GET /java-web/step3/Servlet01 HTTP/1.1" 200 -
0:0:0:0:0:0:0:1 - - [07/Dec/2017:14:39:36 +0900] "GET /java-web/step3/Servlet0/2 HTTP/1.1" 404 1111
0:0:0:0:0:0:0:1 - - [07/Dec/2017:14:39:41 +0900] "GET /java-web/step3/Servlet02 HTTP/1.1" 200 -
127.0.0.1 - - [07/Dec/2017:14:51:30 +0900] "GET / HTTP/1.1" 404 1074
0:0:0:0:0:0:0:1 - - [07/Dec/2017:14:51:44 +0900] "GET /java-web/step3/Servlet02 HTTP/1.1" 200 -
0:0:0:0:0:0:0:1 - - [07/Dec/2017:14:52:56 +0900] "GET /java-web/step1/Servlet02 HTTP/1.1" 200 -
0:0:0:0:0:0:0:1 - - [07/Dec/2017:14:53:03 +0900] "GET /java-web/step3/Servlet02 HTTP/1.1" 200 -
0:0:0:0:0:0:0:1 - - [07/Dec/2017:14:53:06 +0900] "GET /java-web/step2/Servlet02 HTTP/1.1" 200 -
127.0.0.1 - - [07/Dec/2017:15:34:05 +0900] "GET / HTTP/1.1" 404 1074
0:0:0:0:0:0:0:1 - - [07/Dec/2017:15:34:20 +0900] "GET /java-web/step4/Servlet01 HTTP/1.1" 200 17
127.0.0.1 - - [07/Dec/2017:15:43:29 +0900] "GET / HTTP/1.1" 404 1074
0:0:0:0:0:0:0:1 - - [07/Dec/2017:15:43:29 +0900] "GET /java-web/step4/Servlet02 HTTP/1.1" 200 29
0:0:0:0:0:0:0:1 - - [07/Dec/2017:15:46:44 +0900] "GET /java-web/step4/Servlet03 HTTP/1.1" 200 43
127.0.0.1 - - [07/Dec/2017:15:46:44 +0900] "GET / HTTP/1.1" 404 1074
127.0.0.1 - - [07/Dec/2017:15:56:51 +0900] "GET / HTTP/1.1" 404 1074
0:0:0:0:0:0:0:1 - - [07/Dec/2017:15:56:54 +0900] "GET /java-web/step4/Servlet03 HTTP/1.1" 200 43
0:0:0:0:0:0:0:1 - - [07/Dec/2017:15:56:57 +0900] "GET /java-web/step4/Servlet04 HTTP/1.1" 200 43
127.0.0.1 - - [07/Dec/2017:16:06:36 +0900] "GET / HTTP/1.1" 404 1074
0:0:0:0:0:0:0:1 - - [07/Dec/2017:16:06:37 +0900] "GET /java-web/step4/Servlet05 HTTP/1.1" 200 -
0:0:0:0:0:0:0:1 - - [07/Dec/2017:16:11:59 +0900] "GET /java-web/step4/Servlet05 HTTP/1.1" 200 112101
0:0:0:0:0:0:0:1 - - [07/Dec/2017:16:36:48 +0900] "GET /java-web/step5/Servlet01 HTTP/1.1" 404 1106
127.0.0.1 - - [07/Dec/2017:16:37:00 +0900] "GET / HTTP/1.1" 404 1074
0:0:0:0:0:0:0:1 - - [07/Dec/2017:16:37:15 +0900] "GET /java-web/step5/Servlet01?name=aaa&age=20&working=true HTTP/1.1" 200 36
0:0:0:0:0:0:0:1 - - [07/Dec/2017:16:37:33 +0900] "GET /java-web/step5/Servlet01?name=aaa&age=20&working=true HTTP/1.1" 200 36
0:0:0:0:0:0:0:1 - - [07/Dec/2017:16:39:18 +0900] "GET /java-web/step5/Servlet01?name=&age=20&working=true HTTP/1.1" 200 33
127.0.0.1 - - [07/Dec/2017:16:41:58 +0900] "GET / HTTP/1.1" 404 1074
0:0:0:0:0:0:0:1 - - [07/Dec/2017:16:42:09 +0900] "GET /java-web/step5/Servlet01?name=a&name=b&name=c HTTP/1.1" 200 36
0:0:0:0:0:0:0:1 - - [07/Dec/2017:16:42:14 +0900] "GET /java-web/step5/Servlet02?name=a&name=b&name=c HTTP/1.1" 200 8
0:0:0:0:0:0:0:1 - - [07/Dec/2017:16:42:43 +0900] "GET /java-web/step5/Servlet02?name=aaa&name=bbb&name=ccc HTTP/1.1" 200 10
0:0:0:0:0:0:0:1 - - [07/Dec/2017:16:45:08 +0900] "GET /java-web/step5/Servlet02?name=aaa&name=bbb&name=ccc HTTP/1.1" 200 80
127.0.0.1 - - [07/Dec/2017:16:49:11 +0900] "GET / HTTP/1.1" 404 1074
0:0:0:0:0:0:0:1 - - [07/Dec/2017:16:50:36 +0900] "GET /java-web/step5/Servlet02?name=aaa&name=bbb&name=ccc HTTP/1.1" 200 131
0:0:0:0:0:0:0:1 - - [07/Dec/2017:16:51:04 +0900] "GET /java-web/step5/Servlet02?name=aaa&name=bbb&name=ccc&age=20&working=true&tel=1111 HTTP/1.1" 200 166
127.0.0.1 - - [07/Dec/2017:17:02:20 +0900] "GET / HTTP/1.1" 404 1074
0:0:0:0:0:0:0:1 - - [07/Dec/2017:17:03:19 +0900] "GET /java-web/step5/Servlet03.html HTTP/1.1" 200 723
0:0:0:0:0:0:0:1 - - [07/Dec/2017:17:03:53 +0900] "GET /java-web/step5/Servlet03?name=hong&age=20&working=true HTTP/1.1" 200 36
0:0:0:0:0:0:0:1 - - [07/Dec/2017:17:04:04 +0900] "POST /java-web/step5/Servlet03 HTTP/1.1" 200 38
0:0:0:0:0:0:0:1 - - [07/Dec/2017:17:04:56 +0900] "GET /java-web/step5/Servlet03.html HTTP/1.1" 200 769
0:0:0:0:0:0:0:1 - - [07/Dec/2017:17:06:38 +0900] "GET /java-web/step5/Servlet03?name=hong&age=20&working=true HTTP/1.1" 200 36
0:0:0:0:0:0:0:1 - - [07/Dec/2017:17:08:24 +0900] "POST /java-web/step5/Servlet03 HTTP/1.1" 200 38
0:0:0:0:0:0:0:1 - - [07/Dec/2017:17:11:24 +0900] "GET /java-web/step5/Servlet03?name=hong&age=20&working=true HTTP/1.1" 200 36
0:0:0:0:0:0:0:1 - - [07/Dec/2017:17:11:31 +0900] "GET /java-web/step5/Servlet03?name=hong&age=20&working=true HTTP/1.1" 200 36
0:0:0:0:0:0:0:1 - - [07/Dec/2017:17:12:17 +0900] "POST /java-web/step5/Servlet03 HTTP/1.1" 200 38
127.0.0.1 - - [07/Dec/2017:19:36:02 +0900] "GET / HTTP/1.1" 404 1074
0:0:0:0:0:0:0:1 - - [07/Dec/2017:19:36:02 +0900] "GET /java-web/step5/Servlet03?name=hong&age=20&working=true HTTP/1.1" 200 36
0:0:0:0:0:0:0:1 - - [07/Dec/2017:19:36:11 +0900] "GET /java-web/step5/Servlet03?name=hong&age=20&working=true HTTP/1.1" 200 36
0:0:0:0:0:0:0:1 - - [07/Dec/2017:19:36:48 +0900] "POST /java-web/step5/Servlet03 HTTP/1.1" 200 38
